chromosome,position,ref,alt,qual,filter,total_site_depth,supporting_variant_depth,variant_allele_frequency,vep_gene,vep_variant_class,vep_variant_effect,minor_allele_frequency
1,1158631,A,G,2965,PASS,160,156,0.975,N/A,SNV,intergenic_variant,N/A
1,6219287,TCACACA,TCACA,2997,PASS,172,108,0.627906976744186,N/A,Deletion,N/A,N/A
1,6219287,TCACACA,T,2997,PASS,172,108,0.627906976744186,N/A,Deletion,N/A,N/A
1,12921332,TG,CA,2944,PASS,198,87,0.4393939393939394,N/A,SNV,N/A,N/A
1,13173016,A,G,2965,PASS,133,132,0.9924812030075187,PRAMEF9,SNV,intron_variant,N/A
2,11053740,C,T,2965,PASS,111,107,0.963963963963964,N/A,SNV,intergenic_variant,0.0002
